CREATE EXTENSION pg_tde;
-- server restart
CREATE TABLE test_enc(id SERIAL,k VARCHAR(32),PRIMARY KEY (id)) USING tde_heap;
INSERT INTO test_enc (k) VALUES ('foobar'),('barfoo');
SELECT * FROM test_enc ORDER BY id ASC;
1|foobar
2|barfoo
CREATE TABLE test_enc2(id SERIAL,k VARCHAR(32),PRIMARY KEY (id));
INSERT INTO test_enc2 (k) VALUES ('foobar'),('barfoo');
ALTER TABLE test_enc2 SET ACCESS METHOD tde_heap;
SELECT * FROM test_enc2 ORDER BY id ASC;
1|foobar
2|barfoo
SET default_table_access_method = "tde_heap";
SET default_table_access_method = "tde_heap"; CREATE TABLE test_enc3(id SERIAL,k VARCHAR(32),PRIMARY KEY (id));
INSERT INTO test_enc3 (k) VALUES ('foobar'),('barfoo');
SELECT * FROM test_enc3 ORDER BY id ASC;
1|foobar
2|barfoo
CREATE TABLE test_enc4(id SERIAL,k VARCHAR(32),PRIMARY KEY (id)) USING heap;
INSERT INTO test_enc4 (k) VALUES ('foobar'),('barfoo');
SET default_table_access_method = "tde_heap"; ALTER TABLE test_enc4 SET ACCESS METHOD DEFAULT;
-- server restart
SELECT * FROM test_enc ORDER BY id ASC;
1|foobar
2|barfoo
TABLEFILE FOUND: yes

CONTAINS FOO (should be empty): 
TABLEFILE2 FOUND: yes

CONTAINS FOO (should be empty): 
TABLEFILE3 FOUND: yes

CONTAINS FOO (should be empty): 
TABLEFILE4 FOUND: yes

CONTAINS FOO (should be empty): 
DROP TABLE test_enc;
DROP TABLE test_enc2;
DROP TABLE test_enc3;
DROP TABLE test_enc4;
DROP EXTENSION pg_tde;
