CREATE EXTENSION pg_tde;
-- server restart
CREATE TABLE test_enc(id SERIAL,k INTEGER,PRIMARY KEY (id)) USING tde_heap_basic;
INSERT INTO test_enc (k) VALUES (5),(6);
SELECT * FROM test_enc ORDER BY id ASC;
1|5
2|6
--moving keyring file--
-- server restart
psql:<stdin>:1: ERROR:  failed to retrieve principal key. Create one using pg_tde_set_principal_key before using encrypted tables.
-- creating new key provider pointing to the moved file --
-- Alter principal key to use new provider --
SELECT * FROM test_enc ORDER BY id ASC;
1|5
2|6
-- server restart
SELECT * FROM test_enc ORDER BY id ASC;
1|5
2|6
DROP TABLE test_enc;
